--> dumpfile.txt
Classifier_name      : meka.classifiers.multilabel.BR
Classifier_ops       : [-W, weka.classifiers.rules.ZeroR]
Classifier_info      : 
Dataset_name         : Music
Type                 : ML
Threshold            : 0.30788804071246817
Verbosity            : 3

N(test)              : 201
L                    : 6    
Accuracy             : 0.228
Hamming score        : 0.571
Exact match          : 0.025
Jaccard dist         : 0.772
Hamming loss         : 0.429
ZeroOne loss         : 0.975
Harmonic score       : 0.356
One error            : 0.607
Rank loss            : 0.452
Avg precision        : 0.524
Log Loss (max L)     : 0.613
Log Loss (max D)     : 0.613
F1 micro avg         : 0.328
F1 macro avg, by ex. : 0.307
F1 macro avg, by lbl : 0.157
Percent no-labels    : 0    
Accuracy[0]          : 0.682
Accuracy[1]          : 0.726
Accuracy[2]          : 0.393
Accuracy[3]          : 0.756
Accuracy[4]          : 0.234
Accuracy[5]          : 0.637
LCard_pred           : 2    

N_train              : 391
N_test               : 201
LCard_train          : 1.893
LCard_test           : 1.826

